// Jest Snapshot v1, https://goo.gl/fbAQLP

exports[`Rechart Component renders correctly with Clients tag 1`] = `
<div>
  <div
    class="w-[80vw]"
  >
    <div
      class="MuiGrid2-root MuiGrid2-container MuiGrid2-direction-xs-row relative css-1jxwjqx-MuiGrid2-root"
    >
      <div
        class=" "
      />
      <div
        class="MuiGrid2-root MuiGrid2-direction-xs-row MuiGrid2-grid-xs-12 MuiGrid2-grid-sm-6 css-1lu792j-MuiGrid2-root"
      >
        <div
          class="recharts-responsive-container"
          style="width: 100%; height: 100%; min-width: 200px; min-height: 500px;"
        />
      </div>
      <div
        class="MuiGrid2-root MuiGrid2-direction-xs-row MuiGrid2-grid-xs-12 MuiGrid2-grid-sm-6 css-1lu792j-MuiGrid2-root"
      >
        <div
          class="recharts-responsive-container"
          style="width: 100%; height: 100%; min-width: 200px; min-height: 500px;"
        />
      </div>
    </div>
  </div>
</div>
`;
